// Jest Snapshot v1, https://goo.gl/fbAQLP

exports[`Card renders an outlined card 1`] = `
<View
  collapsable={false}
  style={
    Object {
      "alignSelf": undefined,
      "backgroundColor": "transparent",
      "borderBottomEndRadius": undefined,
      "borderBottomLeftRadius": undefined,
      "borderBottomRightRadius": undefined,
      "borderBottomStartRadius": undefined,
      "borderRadius": 12,
      "borderTopEndRadius": undefined,
      "borderTopLeftRadius": undefined,
      "borderTopRightRadius": undefined,
      "borderTopStartRadius": undefined,
      "bottom": undefined,
      "end": undefined,
      "flex": undefined,
      "left": undefined,
      "margin": undefined,
      "marginBottom": undefined,
      "marginEnd": undefined,
      "marginHorizontal": undefined,
      "marginLeft": undefined,
      "marginRight": undefined,
      "marginStart": undefined,
      "marginTop": undefined,
      "marginVertical": undefined,
      "position": undefined,
      "right": undefined,
      "shadowColor": "#000",
      "shadowOffset": Object {
        "height": 0,
        "width": 0,
      },
      "shadowOpacity": 0,
      "shadowRadius": 0,
      "start": undefined,
      "top": undefined,
    }
  }
  testID="undefined-outer-layer"
>
  <View
    collapsable={false}
    style={
      Object {
        "backgroundColor": "transparent",
        "borderBottomEndRadius": undefined,
        "borderBottomLeftRadius": undefined,
        "borderBottomRightRadius": undefined,
        "borderBottomStartRadius": undefined,
        "borderRadius": 12,
        "borderTopEndRadius": undefined,
        "borderTopLeftRadius": undefined,
        "borderTopRightRadius": undefined,
        "borderTopStartRadius": undefined,
        "flex": undefined,
        "shadowColor": "#000",
        "shadowOffset": Object {
          "height": 0,
          "width": 0,
        },
        "shadowOpacity": 0,
        "shadowRadius": 0,
      }
    }
    testID="undefined-inner-layer"
  >
    <View
      collapsable={false}
      style={
        Object {
          "backgroundColor": "rgba(255, 251, 254, 1)",
          "borderBottomEndRadius": undefined,
          "borderBottomLeftRadius": undefined,
          "borderBottomRightRadius": undefined,
          "borderBottomStartRadius": undefined,
          "borderRadius": 12,
          "borderTopEndRadius": undefined,
          "borderTopLeftRadius": undefined,
          "borderTopRightRadius": undefined,
          "borderTopStartRadius": undefined,
          "elevation": 1,
          "flex": undefined,
        }
      }
    >
      <View
        pointerEvents="none"
        style={
          Array [
            Object {
              "borderColor": "rgba(121, 116, 126, 1)",
              "borderRadius": 12,
            },
            Object {
              "borderWidth": 1,
              "height": "100%",
              "position": "absolute",
              "width": "100%",
              "zIndex": 2,
            },
          ]
        }
        testID="card-outline"
      />
      <View
        accessibilityState={
          Object {
            "disabled": true,
          }
        }
        accessible={true}
        focusable={false}
        onClick={[Function]}
        onResponderGrant={[Function]}
        onResponderMove={[Function]}
        onResponderRelease={[Function]}
        onResponderTerminate={[Function]}
        onResponderTerminationRequest={[Function]}
        onStartShouldSetResponder={[Function]}
        style={
          Object {
            "flexShrink": 1,
          }
        }
        testID="card"
      />
    </View>
  </View>
</View>
`;
